Component: Arm Compiler for Embedded 6.22 Tool: armlink [5ee90200]

==============================================================================

Section Cross References

    startup_armcm3.o(.ARM.exidx.text.Default_Handler) refers to startup_armcm3.o(.text.Default_Handler) for [Anonymous Symbol]
    startup_armcm3.o(.text.Reset_Handler) refers to system_armcm3.o(.text.SystemInit) for SystemInit
    startup_armcm3.o(.text.Reset_Handler) refers to lab0_p1.o(MYCODE) for __main
    startup_armcm3.o(.ARM.exidx.text.Reset_Handler) refers to startup_armcm3.o(.text.Reset_Handler) for [Anonymous Symbol]
    startup_armcm3.o(.ARM.exidx.text.HardFault_Handler) refers to startup_armcm3.o(.text.HardFault_Handler) for [Anonymous Symbol]
    startup_armcm3.o(RESET) refers to startup_armcm3.o(.text.Reset_Handler) for Reset_Handler
    startup_armcm3.o(RESET) refers to startup_armcm3.o(.text.Default_Handler) for NMI_Handler
    startup_armcm3.o(RESET) refers to startup_armcm3.o(.text.HardFault_Handler) for HardFault_Handler
    system_armcm3.o(.text.SystemCoreClockUpdate) refers to system_armcm3.o(.data.SystemCoreClock) for SystemCoreClock
    system_armcm3.o(.ARM.exidx.text.SystemCoreClockUpdate) refers to system_armcm3.o(.text.SystemCoreClockUpdate) for [Anonymous Symbol]
    system_armcm3.o(.text.SystemInit) refers to startup_armcm3.o(RESET) for __Vectors
    system_armcm3.o(.text.SystemInit) refers to system_armcm3.o(.data.SystemCoreClock) for SystemCoreClock
    system_armcm3.o(.ARM.exidx.text.SystemInit) refers to system_armcm3.o(.text.SystemInit) for [Anonymous Symbol]


==============================================================================

Removing Unused input sections from the image.

    Removing lab0_p1.o(MyData), (4 bytes).
    Removing startup_armcm3.o(.text), (0 bytes).
    Removing startup_armcm3.o(.ARM.exidx.text.Default_Handler), (8 bytes).
    Removing startup_armcm3.o(.ARM.exidx.text.Reset_Handler), (8 bytes).
    Removing startup_armcm3.o(.ARM.exidx.text.HardFault_Handler), (8 bytes).
    Removing system_armcm3.o(.text), (0 bytes).
    Removing system_armcm3.o(.text.SystemCoreClockUpdate), (20 bytes).
    Removing system_armcm3.o(.ARM.exidx.text.SystemCoreClockUpdate), (8 bytes).
    Removing system_armcm3.o(.ARM.exidx.text.SystemInit), (8 bytes).

9 unused section(s) (total 64 bytes) removed from the image.

==============================================================================

Image Symbol Table

    Local Symbols

    Symbol Name                              Value     Ov Type        Size  Object(Section)

    __tagsym$$used.0                         0x00000000   Number         0  startup_armcm3.o(RESET)
    lab0_p1.s                                0x00000000   Number         0  lab0_p1.o ABSOLUTE
    startup_ARMCM3.c                         0x00000000   Number         0  startup_armcm3.o ABSOLUTE
    system_ARMCM3.c                          0x00000000   Number         0  system_armcm3.o ABSOLUTE
    [Anonymous Symbol]                       0x000003c0   Section        0  startup_armcm3.o(.text.Default_Handler)
    [Anonymous Symbol]                       0x000003c4   Section        0  startup_armcm3.o(.text.HardFault_Handler)
    [Anonymous Symbol]                       0x000003c8   Section        0  startup_armcm3.o(.text.Reset_Handler)
    [Anonymous Symbol]                       0x000003d0   Section        0  system_armcm3.o(.text.SystemInit)
    MYCODE                                   0x000003f8   Section       32  lab0_p1.o(MYCODE)

    Global Symbols

    Symbol Name                              Value     Ov Type        Size  Object(Section)

    BuildAttributes$$THM_ISAv4$P$D$K$B$S$PE$A:L22UL41UL21$X:L11$S22US41US21$IEEE1$IW$~IW$USESV6$~STKCKD$USESV7$~SHL$OSPACE$EBA8$STANDARDLIB$REQ8$PRES8$EABIv2 0x00000000   Number         0  anon$$obj.o ABSOLUTE
    __Vectors                                0x00000000   Data         960  startup_armcm3.o(RESET)
    BusFault_Handler                         0x000003c1   Thumb Code     4  startup_armcm3.o(.text.Default_Handler)
    DebugMon_Handler                         0x000003c1   Thumb Code     4  startup_armcm3.o(.text.Default_Handler)
    Default_Handler                          0x000003c1   Thumb Code     4  startup_armcm3.o(.text.Default_Handler)
    Interrupt0_Handler                       0x000003c1   Thumb Code     4  startup_armcm3.o(.text.Default_Handler)
    Interrupt1_Handler                       0x000003c1   Thumb Code     4  startup_armcm3.o(.text.Default_Handler)
    Interrupt2_Handler                       0x000003c1   Thumb Code     4  startup_armcm3.o(.text.Default_Handler)
    Interrupt3_Handler                       0x000003c1   Thumb Code     4  startup_armcm3.o(.text.Default_Handler)
    Interrupt4_Handler                       0x000003c1   Thumb Code     4  startup_armcm3.o(.text.Default_Handler)
    Interrupt5_Handler                       0x000003c1   Thumb Code     4  startup_armcm3.o(.text.Default_Handler)
    Interrupt6_Handler                       0x000003c1   Thumb Code     4  startup_armcm3.o(.text.Default_Handler)
    Interrupt7_Handler                       0x000003c1   Thumb Code     4  startup_armcm3.o(.text.Default_Handler)
    Interrupt8_Handler                       0x000003c1   Thumb Code     4  startup_armcm3.o(.text.Default_Handler)
    Interrupt9_Handler                       0x000003c1   Thumb Code     4  startup_armcm3.o(.text.Default_Handler)
    MemManage_Handler                        0x000003c1   Thumb Code     4  startup_armcm3.o(.text.Default_Handler)
    NMI_Handler                              0x000003c1   Thumb Code     4  startup_armcm3.o(.text.Default_Handler)
    PendSV_Handler                           0x000003c1   Thumb Code     4  startup_armcm3.o(.text.Default_Handler)
    SVC_Handler                              0x000003c1   Thumb Code     4  startup_armcm3.o(.text.Default_Handler)
    SysTick_Handler                          0x000003c1   Thumb Code     4  startup_armcm3.o(.text.Default_Handler)
    UsageFault_Handler                       0x000003c1   Thumb Code     4  startup_armcm3.o(.text.Default_Handler)
    HardFault_Handler                        0x000003c5   Thumb Code     4  startup_armcm3.o(.text.HardFault_Handler)
    Reset_Handler                            0x000003c9   Thumb Code     8  startup_armcm3.o(.text.Reset_Handler)
    SystemInit                               0x000003d1   Thumb Code    38  system_armcm3.o(.text.SystemInit)
    __main                                   0x00000407   Thumb Code     0  lab0_p1.o(MYCODE)
    SystemCoreClock                          0x20000000   Data           4  system_armcm3.o(.data.SystemCoreClock)
    Image$$ARM_LIB_STACK$$ZI$$Limit          0x20040000   Number         0  anon$$obj.o ABSOLUTE



==============================================================================

Memory Map of the image

  Image Entry point : 0x000003f9

  Load Region LR_ROM (Base: 0x00000000, Size: 0x0000041c, Max: 0x00080000, ABSOLUTE)

    Execution Region ER_ROM (Exec base: 0x00000000, Load base: 0x00000000, Size: 0x00000418, Max: 0x00080000, ABSOLUTE)

    Exec Addr    Load Addr    Size         Type   Attr      Idx    E Section Name        Object

    0x00000000   0x00000000   0x000003c0   Data   RO           16    RESET               startup_armcm3.o
    0x000003c0   0x000003c0   0x00000004   Code   RO           10    .text.Default_Handler  startup_armcm3.o
    0x000003c4   0x000003c4   0x00000004   Code   RO           14    .text.HardFault_Handler  startup_armcm3.o
    0x000003c8   0x000003c8   0x00000008   Code   RO           12    .text.Reset_Handler  startup_armcm3.o
    0x000003d0   0x000003d0   0x00000026   Code   RO           26    .text.SystemInit    system_armcm3.o
    0x000003f6   0x000003f6   0x00000002   PAD
    0x000003f8   0x000003f8   0x00000020   Code   RO            4  * MYCODE              lab0_p1.o


    Execution Region RW_NOINIT (Exec base: 0x20000000, Load base: 0x00000418, Size: 0x00000000, Max: 0x0003f200, ABSOLUTE, UNINIT)

    **** No section assigned to this execution region ****


    Execution Region RW_RAM (Exec base: 0x20000000, Load base: 0x00000418, Size: 0x00000004, Max: 0x0003f200, ABSOLUTE)

    Exec Addr    Load Addr    Size         Type   Attr      Idx    E Section Name        Object

    0x20000000   0x00000418   0x00000004   Data   RW           28    .data.SystemCoreClock  system_armcm3.o


    Execution Region ARM_LIB_HEAP (Exec base: 0x20000008, Load base: 0x0000041c, Size: 0x00000c00, Max: 0x00000c00, ABSOLUTE)

    Exec Addr    Load Addr    Size         Type   Attr      Idx    E Section Name        Object

    0x20000008        -       0x00000c00   Zero   RW            1    ARM_LIB_HEAP.bss    anon$$obj.o


    Execution Region ARM_LIB_STACK (Exec base: 0x2003fe00, Load base: 0x0000041c, Size: 0x00000200, Max: 0x00000200, ABSOLUTE)

    Exec Addr    Load Addr    Size         Type   Attr      Idx    E Section Name        Object

    0x2003fe00        -       0x00000200   Zero   RW            2    ARM_LIB_STACK.bss   anon$$obj.o


==============================================================================

Image component sizes


      Code (inc. data)   RO Data    RW Data    ZI Data      Debug   Object Name

        32          0          0          0          0        256   lab0_p1.o
        16          0        960          0          0        877   startup_armcm3.o
        38          0          0          4          0       1506   system_armcm3.o

    ----------------------------------------------------------------------
        88          0        960          4       3584       2639   Object Totals
         0          0          0          0       3584          0   (incl. Generated)
         2          0          0          0          0          0   (incl. Padding)

    ----------------------------------------------------------------------
         0          0          0          0          0          0   Library Totals
         0          0          0          0          0          0   (incl. Padding)

    ----------------------------------------------------------------------

==============================================================================


      Code (inc. data)   RO Data    RW Data    ZI Data      Debug   

        88          0        960          4       3584       2619   Grand Totals
        88          0        960          4       3584       2619   ELF Image Totals
        88          0        960          4          0          0   ROM Totals

==============================================================================

    Total RO  Size (Code + RO Data)                 1048 (   1.02kB)
    Total RW  Size (RW Data + ZI Data)              3588 (   3.50kB)
    Total ROM Size (Code + RO Data + RW Data)       1052 (   1.03kB)

==============================================================================

