<html>
<body>
<pre>
<h1>µVision Build Log</h1>
<h2>Tool Versions:</h2>
IDE-Version: µVision V5.40.0.0
Copyright (C) 2024 ARM Ltd and ARM Germany GmbH. All rights reserved.
License Information: Chuck Norris, N/a, LIC=----
 
Tool Versions:
Toolchain:       MDK-Lite  Version: 5.40.0.3
Toolchain Path:  C:\Users\Erick\AppData\Local\Keil_v5\ARM\ARMCLANG\Bin
C Compiler:      ArmClang.exe V6.22
Assembler:       Armasm.exe V6.22
Linker/Locator:  ArmLink.exe V6.22
Library Manager: ArmAr.exe V6.22
Hex Converter:   FromElf.exe V6.22
CPU DLL:         SARMCM3.DLL V5.40.0.3
Dialog DLL:      DCM.DLL V1.17.5.0
Target DLL:      UL2CM3.DLL V1.164.11.0
Dialog DLL:      TCM.DLL V1.56.4.0
 
<h2>Project:</h2>
C:\Users\Erick\Documents\ece4180\ece4180\lab0\lab0_p1\lab0_p1.uvprojx
Project File Date:  09/15/2024

<h2>Output:</h2>
*** Using Compiler 'V6.22', folder: 'C:\Users\Erick\AppData\Local\Keil_v5\ARM\ARMCLANG\Bin'
Build target 'Target 1'
linking...
.\RTE\Device\ARMCM3\ARMCM3_ac6.sct(13): warning: L6314W: No section matches pattern *(InRoot$$Sections).
.\RTE\Device\ARMCM3\ARMCM3_ac6.sct(19): warning: L6314W: No section matches pattern *(.bss.noinit).
Program Size: Code=88 RO-data=960 RW-data=4 ZI-data=3584  
Finished: 0 information, 2 warning and 0 error messages.
FromELF: creating hex file...
".\Objects\lab0_p1.axf" - 0 Error(s), 2 Warning(s).

<h2>Software Packages used:</h2>

Package Vendor: ARM
                https://www.keil.com/pack/ARM.CMSIS.6.1.0.pack
                ARM::CMSIS@6.1.0
                CMSIS (Common Microcontroller Software Interface Standard)
   * Component: CORE Version: 6.1.0

Package Vendor: ARM
                https://www.keil.com/pack/ARM.Cortex_DFP.1.1.0.pack
                ARM::Cortex_DFP@1.1.0
                ARM Cortex Reference Subsystems Device Family Pack
   * Component: Startup Variant: C Startup Version: 2.2.0

<h2>Collection of Component include folders:</h2>
  ./RTE/_Target_1
  C:/Users/Erick/AppData/Local/Arm/Packs/ARM/CMSIS/6.1.0/CMSIS/Core/Include
  C:/Users/Erick/AppData/Local/Arm/Packs/ARM/Cortex_DFP/1.1.0/Device/ARMCM3/Include

<h2>Collection of Component Files used:</h2>

   * Component: ARM::CMSIS:CORE@6.1.0

   * Component: ARM::Device:Startup&C Startup@2.2.0
      Source file:   Device/ARMCM3/Source/system_ARMCM3.c
      Source file:   Device/ARMCM3/Source/startup_ARMCM3.c
      Include file:  Device/ARMCM3/Include/ARMCM3.h
Build Time Elapsed:  00:00:01
</pre>
</body>
</html>
